Copyright 1986-2017 Xilinx, Inc. All Rights Reserved.
---------------------------------------------------------------------------------------
| Tool Version : Vivado v.2017.4 (win64) Build 2086221 Fri Dec 15 20:55:39 MST 2017
| Date         : Mon Jun 25 14:41:53 2018
| Host         : DESKTOP-H32TPSL running 64-bit major release  (build 9200)
| Command      : report_control_sets -verbose -file canny_edge_control_sets_placed.rpt
| Design       : canny_edge
| Device       : xc7z020
---------------------------------------------------------------------------------------

Control Set Information

Table of Contents
-----------------
1. Summary
2. Flip-Flop Distribution
3. Detailed Control Set Information

1. Summary
----------

+----------------------------------------------------------+-------+
|                          Status                          | Count |
+----------------------------------------------------------+-------+
| Number of unique control sets                            |   137 |
| Unused register locations in slices containing registers |   335 |
+----------------------------------------------------------+-------+


2. Flip-Flop Distribution
-------------------------

+--------------+-----------------------+------------------------+-----------------+--------------+
| Clock Enable | Synchronous Set/Reset | Asynchronous Set/Reset | Total Registers | Total Slices |
+--------------+-----------------------+------------------------+-----------------+--------------+
| No           | No                    | No                     |              98 |           63 |
| No           | No                    | Yes                    |               0 |            0 |
| No           | Yes                   | No                     |             113 |           63 |
| Yes          | No                    | No                     |            2432 |          747 |
| Yes          | No                    | Yes                    |               0 |            0 |
| Yes          | Yes                   | No                     |             606 |          180 |
+--------------+-----------------------+------------------------+-----------------+--------------+


3. Detailed Control Set Information
-----------------------------------

+---------------+-------------------------------------------------------------------------------------------------------------------------------+-------------------------------------------------------------------+------------------+----------------+
|  Clock Signal |                                                         Enable Signal                                                         |                          Set/Reset Signal                         | Slice Load Count | Bel Load Count |
+---------------+-------------------------------------------------------------------------------------------------------------------------------+-------------------------------------------------------------------+------------------+----------------+
|  ap_clk       | nonmax_suppression_U0/ap_enable_reg_pp0_iter00                                                                                |                                                                   |                1 |              1 |
|  ap_clk       | hysteresis_U0/ap_enable_reg_pp0_iter00                                                                                        |                                                                   |                1 |              1 |
|  ap_clk       | gradient_decompositi_U0/ap_block_pp0_stage0_subdone3_in                                                                       | Block_Mat_exit29637_U0/ap_rst_n_inv                               |                1 |              3 |
|  ap_clk       | Loop_2_proc_U0/out_stream_data_V_1_payload_A[31]_i_1_n_0                                                                      |                                                                   |                1 |              4 |
|  ap_clk       | Loop_2_proc_U0/out_stream_data_V_1_load_B                                                                                     |                                                                   |                1 |              4 |
|  ap_clk       | Loop_2_proc_U0/exitcond7_reg_3660                                                                                             |                                                                   |                4 |              4 |
|  ap_clk       | nonmax_suppression_U0/or_cond_reg_862[0]_i_1_n_0                                                                              |                                                                   |                4 |              4 |
|  ap_clk       | hysteresis_U0/or_cond6_reg_9240                                                                                               |                                                                   |                3 |              4 |
|  AXI_LITE_clk |                                                                                                                               | Block_Mat_exit29637_U0/ap_rst_n_inv                               |                2 |              5 |
|  AXI_LITE_clk | canny_edge_CONTROL_BUS_s_axi_U/ar_hs                                                                                          | canny_edge_CONTROL_BUS_s_axi_U/rdata[7]_i_1_n_0                   |                4 |              5 |
|  ap_clk       | col_packets_cast_loc_U/mOutPtr[4]_i_1_n_0                                                                                     | Block_Mat_exit29637_U0/ap_rst_n_inv                               |                2 |              5 |
|  ap_clk       | Sobel_1_U0/grp_Filter2D_fu_96/tmp_183_reg_15180                                                                               |                                                                   |                4 |              5 |
|  ap_clk       | Sobel_1_U0/grp_Filter2D_fu_96/row_assign_10_1_t_reg_15430                                                                     |                                                                   |                2 |              5 |
|  ap_clk       | Sobel_U0/grp_Filter2D_fu_96/tmp_183_reg_15180                                                                                 |                                                                   |                4 |              5 |
|  ap_clk       | gradient_decompositi_U0/abs_gx_reg_6620                                                                                       | gradient_decompositi_U0/abs_gy_reg_676[15]_i_1_n_0                |                1 |              5 |
|  ap_clk       | gradient_decompositi_U0/abs_gx_reg_6620                                                                                       | gradient_decompositi_U0/abs_gx_reg_662[15]_i_1_n_0                |                2 |              5 |
|  ap_clk       | Sobel_U0/grp_Filter2D_fu_96/row_assign_10_1_t_reg_15430                                                                       |                                                                   |                2 |              5 |
|  AXI_LITE_clk | canny_edge_CONTROL_BUS_s_axi_U/waddr                                                                                          |                                                                   |                2 |              6 |
|  ap_clk       | Sobel_1_U0/grp_Filter2D_fu_96/src_kernel_win_0_va_63_fu_1620                                                                  |                                                                   |                2 |              8 |
|  ap_clk       | Sobel_U0/grp_Filter2D_fu_96/src_kernel_win_0_va_63_fu_1620                                                                    |                                                                   |                2 |              8 |
|  ap_clk       | Sobel_U0/grp_Filter2D_fu_96/E[0]                                                                                              |                                                                   |                2 |              8 |
|  ap_clk       | Sobel_1_U0/grp_Filter2D_fu_96/E[0]                                                                                            |                                                                   |                2 |              8 |
|  ap_clk       | Sobel_U0/grp_Filter2D_fu_96/src_kernel_win_0_va_75_reg_1686[7]_i_1_n_0                                                        |                                                                   |                1 |              8 |
|  ap_clk       | GaussianBlur_U0/grp_Filter2D_1_fu_84/ImagLoc_x_reg_2640[10]_i_1_n_0                                                           | GaussianBlur_U0/grp_Filter2D_1_fu_84/p_p2_i_i_reg_2652[9]_i_1_n_0 |                4 |              8 |
|  ap_clk       | GaussianBlur_U0/grp_Filter2D_1_fu_84/p_Val2_s_reg_30780                                                                       | GaussianBlur_U0/grp_Filter2D_1_fu_84/p_Val2_s_reg_3078            |                2 |              8 |
|  ap_clk       | Sobel_1_U0/grp_Filter2D_fu_96/src_kernel_win_0_va_75_reg_1686[7]_i_1__0_n_0                                                   |                                                                   |                1 |              8 |
|  ap_clk       | GaussianBlur_U0/grp_Filter2D_1_fu_84/src_kernel_win_0_va_56_reg_28730                                                         |                                                                   |                2 |              8 |
|  ap_clk       | GaussianBlur_U0/grp_Filter2D_1_fu_84/E[0]                                                                                     |                                                                   |                2 |              8 |
|  ap_clk       | hysteresis_U0/ap_block_pp0_stage0_subdone4_in                                                                                 |                                                                   |                9 |              9 |
|  ap_clk       | canny_edge_CONTROL_BUS_s_axi_U/col_packets_cast_loc_1_reg_319_reg[0]                                                          |                                                                   |                2 |              9 |
|  ap_clk       |                                                                                                                               | canny_edge_CONTROL_BUS_s_axi_U/ap_rst_n_AXI_LITE_clk_inv          |                4 |              9 |
|  ap_clk       | Loop_2_proc_U0/exitcond7_reg_3660                                                                                             | Loop_2_proc_U0/p_1_rec_i_i_mid2_reg_371[8]_i_1_n_0                |                3 |              9 |
|  ap_clk       | Sobel_U0/grp_Filter2D_fu_96/k_buf_0_val_3_U/Filter2D_1_k_buf_cud_ram_U/ap_block_pp0_stage0_subdone                            | Block_Mat_exit29637_U0/ap_rst_n_inv                               |                3 |              9 |
|  ap_clk       | GaussianBlur_U0/grp_Filter2D_1_fu_84/p_Val2_1_reg_30630                                                                       |                                                                   |                3 |              9 |
|  ap_clk       | Block_Mat_exit29637_U0/shiftReg_ce                                                                                            |                                                                   |                2 |              9 |
|  ap_clk       | Sobel_1_U0/grp_Filter2D_fu_96/k_buf_0_val_3_U/Filter2D_1_k_buf_cud_ram_U/ap_block_pp0_stage0_subdone                          | Block_Mat_exit29637_U0/ap_rst_n_inv                               |                2 |              9 |
|  ap_clk       | Loop_2_proc_U0/c_reg_4210                                                                                                     |                                                                   |                4 |             10 |
|  ap_clk       | GaussianBlur_U0/grp_Filter2D_1_fu_84/t_V_4_reg_4380                                                                           | GaussianBlur_U0/grp_Filter2D_1_fu_84/t_V_4_reg_438                |                3 |             11 |
|  ap_clk       | GaussianBlur_U0/grp_Filter2D_1_fu_84/ap_CS_fsm_state2                                                                         |                                                                   |                3 |             11 |
|  ap_clk       | GaussianBlur_U0/grp_Filter2D_1_fu_84/ap_CS_fsm_state19                                                                        | GaussianBlur_U0/grp_Filter2D_1_fu_84/t_V_reg_427                  |                3 |             11 |
|  ap_clk       | Sobel_1_U0/grp_Filter2D_fu_96/t_V_3_reg_3200                                                                                  | Sobel_1_U0/grp_Filter2D_fu_96/t_V_3_reg_320[10]_i_1__0_n_0        |                5 |             11 |
|  ap_clk       | Sobel_U0/grp_Filter2D_fu_96/i_V_reg_1430_reg[0]_0[0]                                                                          |                                                                   |                3 |             11 |
|  ap_clk       | Sobel_U0/grp_Filter2D_fu_96/t_V_3_reg_3200                                                                                    | Sobel_U0/grp_Filter2D_fu_96/t_V_3_reg_320[10]_i_1_n_0             |                2 |             11 |
|  ap_clk       | Sobel_1_U0/grp_Filter2D_fu_96/ap_CS_fsm_state16                                                                               | Sobel_1_U0/grp_Filter2D_fu_96/t_V_reg_309[10]_i_1__0_n_0          |                4 |             11 |
|  ap_clk       | Sobel_1_U0/grp_Filter2D_fu_96/i_V_reg_1430_reg[0]_0[0]                                                                        |                                                                   |                4 |             11 |
|  ap_clk       | Sobel_U0/grp_Filter2D_fu_96/ap_CS_fsm_state16                                                                                 | Sobel_U0/grp_Filter2D_fu_96/t_V_reg_309[10]_i_1_n_0               |                3 |             11 |
|  ap_clk       | Loop_2_proc_U0/tmp_154_mid2_v_reg_3860                                                                                        |                                                                   |                8 |             11 |
|  ap_clk       | Duplicate_U0/t_V_5_reg_1670                                                                                                   | Duplicate_U0/t_V_5_reg_167                                        |                2 |             11 |
|  ap_clk       | nonmax_suppression_U0/linebuff_val_1_addr_reg_8660                                                                            |                                                                   |                3 |             11 |
|  ap_clk       | Duplicate_U0/ap_CS_fsm_state5                                                                                                 | Duplicate_U0/t_V_reg_156                                          |                2 |             11 |
|  ap_clk       | hysteresis_U0/linebuff_val_1_addr_reg_9130                                                                                    |                                                                   |                4 |             11 |
|  ap_clk       | Duplicate_U0/ap_CS_fsm_state2                                                                                                 |                                                                   |                2 |             11 |
|  ap_clk       | GaussianBlur_U0/grp_Filter2D_1_fu_84/canny_edge_am_addtde_U36/canny_edge_am_addtde_DSP48_12_U/ap_block_pp0_stage0_subdone8_in | Block_Mat_exit29637_U0/ap_rst_n_inv                               |                4 |             12 |
|  ap_clk       | GaussianBlur_U0/grp_Filter2D_1_fu_84/row_assign_13_1_t_reg_26110                                                              |                                                                   |                4 |             12 |
|  ap_clk       | GaussianBlur_U0/grp_Filter2D_1_fu_84/tmp_107_reg_25860                                                                        |                                                                   |                7 |             12 |
|  ap_clk       | Sobel_U0/grp_Filter2D_fu_96/col_assign_3_t_reg_1611[1]_i_1_n_0                                                                |                                                                   |                4 |             13 |
|  ap_clk       | GaussianBlur_U0/grp_Filter2D_1_fu_84/brmerge_reg_26760                                                                        |                                                                   |                5 |             13 |
|  ap_clk       | Sobel_1_U0/grp_Filter2D_fu_96/or_cond_i_i_reg_1584[0]_i_1__0_n_0                                                              |                                                                   |                5 |             13 |
|  ap_clk       | Sobel_U0/grp_Filter2D_fu_96/or_cond_i_i_reg_1584[0]_i_1_n_0                                                                   |                                                                   |                4 |             13 |
|  ap_clk       | Sobel_1_U0/grp_Filter2D_fu_96/col_assign_3_t_reg_1611[1]_i_1__0_n_0                                                           |                                                                   |                5 |             13 |
|  ap_clk       | GaussianBlur_U0/grp_Filter2D_1_fu_84/col_assign_6_t_reg_26910                                                                 |                                                                   |                2 |             14 |
|  ap_clk       | hysteresis_U0/hysteresis_U0_src_data_stream_V_read                                                                            |                                                                   |                5 |             14 |
|  ap_clk       | nonmax_suppression_U0/ap_block_pp0_stage0_subdone4_in                                                                         | nonmax_suppression_U0/tmp_20_reg_911                              |                3 |             14 |
|  ap_clk       | GaussianBlur_U0/grp_Filter2D_1_fu_84/ImagLoc_x_reg_2640[10]_i_1_n_0                                                           |                                                                   |                5 |             15 |
|  ap_clk       | GaussianBlur_U0/grp_Filter2D_1_fu_84/src_kernel_win_0_va_41_reg_28230                                                         |                                                                   |                5 |             16 |
|  ap_clk       | Sobel_U0/grp_Filter2D_fu_96/k_buf_0_val_3_load_reg_1630[7]_i_1_n_0                                                            |                                                                   |                4 |             16 |
|  ap_clk       | Duplicate_U0/E[0]                                                                                                             |                                                                   |                6 |             16 |
|  ap_clk       | Sobel_1_U0/grp_Filter2D_fu_96/k_buf_0_val_3_load_reg_1630[7]_i_1__0_n_0                                                       |                                                                   |                5 |             16 |
|  ap_clk       | Sobel_U0/grp_Filter2D_fu_96/src_kernel_win_0_va_60_fu_1500                                                                    |                                                                   |                3 |             16 |
|  ap_clk       | Duplicate_U0/SRL_SIG_reg[1][0][0]                                                                                             |                                                                   |                2 |             16 |
|  ap_clk       | Sobel_1_U0/grp_Filter2D_fu_96/src_kernel_win_0_va_60_fu_1500                                                                  |                                                                   |                5 |             16 |
|  ap_clk       | GaussianBlur_U0/grp_Filter2D_1_fu_84/SRL_SIG_reg[1][0][0]                                                                     |                                                                   |                2 |             16 |
|  ap_clk       | nonmax_suppression_U0/E[0]                                                                                                    |                                                                   |                6 |             16 |
|  ap_clk       | Loop_1_proc_U0/E[0]                                                                                                           |                                                                   |                3 |             16 |
|  ap_clk       | GaussianBlur_U0/grp_Filter2D_1_fu_84/src_kernel_win_0_va_37_reg_28430                                                         |                                                                   |                3 |             16 |
|  ap_clk       | gradient_decompositi_U0/abs_g_reg_7320                                                                                        |                                                                   |                7 |             17 |
|  ap_clk       | Loop_1_proc_U0/p_026_rec_i_reg_990                                                                                            | Loop_1_proc_U0/p_026_rec_i_reg_99                                 |                8 |             19 |
|  ap_clk       | Loop_1_proc_U0/r_reg_1690                                                                                                     |                                                                   |                5 |             19 |
|  ap_clk       | nonmax_suppression_U0/ap_block_pp0_stage0_subdone4_in                                                                         |                                                                   |                7 |             19 |
|  ap_clk       | GaussianBlur_U0/grp_Filter2D_1_fu_84/p_Val2_96_0_4_reg_29780                                                                  |                                                                   |                5 |             19 |
|  ap_clk       | Loop_2_proc_U0/indvar_flatten_next_reg_361[0]_i_1_n_0                                                                         |                                                                   |                5 |             20 |
|  ap_clk       | Block_Mat_exit29637_U0/Q[1]                                                                                                   | Block_Mat_exit29637_U0/ap_rst_n_inv                               |                7 |             20 |
|  ap_clk       | Block_Mat_exit29637_U0/shiftReg_ce_0                                                                                          |                                                                   |                3 |             20 |
|  ap_clk       | gradient_decompositi_U0/ap_block_pp0_stage0_subdone3_in                                                                       |                                                                   |                9 |             20 |
|  ap_clk       | Sobel_U0/grp_Filter2D_fu_96/ImagLoc_x_reg_1562[10]_i_1_n_0                                                                    |                                                                   |                6 |             24 |
|  ap_clk       | GaussianBlur_U0/grp_Filter2D_1_fu_84/src_kernel_win_0_va_12_fu_2200                                                           |                                                                   |                4 |             24 |
|  ap_clk       | gradient_decompositi_U0/tmp_70_reg_6400                                                                                       |                                                                   |                7 |             24 |
|  ap_clk       | Sobel_1_U0/grp_Filter2D_fu_96/col_buf_0_val_1_0_reg_1648[7]_i_1__0_n_0                                                        |                                                                   |                7 |             24 |
|  ap_clk       | GaussianBlur_U0/grp_Filter2D_1_fu_84/src_kernel_win_0_va_16_fu_2360                                                           |                                                                   |               10 |             24 |
|  ap_clk       | Sobel_1_U0/grp_Filter2D_fu_96/SRL_SIG_reg[1][0][0]                                                                            |                                                                   |                5 |             24 |
|  ap_clk       | GaussianBlur_U0/grp_Filter2D_1_fu_84/canny_edge_am_addtde_U36/canny_edge_am_addtde_DSP48_12_U/src_kernel_win_0_va_1_fu_1760   |                                                                   |                7 |             24 |
|  ap_clk       | Sobel_U0/grp_Filter2D_fu_96/SRL_SIG_reg[1][0][0]                                                                              |                                                                   |                7 |             24 |
|  ap_clk       | Loop_1_proc_U0/tmp_77_reg_1740                                                                                                |                                                                   |                5 |             24 |
|  ap_clk       | Sobel_1_U0/grp_Filter2D_fu_96/ImagLoc_x_reg_1562[10]_i_1__0_n_0                                                               |                                                                   |                7 |             24 |
|  ap_clk       | Sobel_U0/grp_Filter2D_fu_96/col_buf_0_val_1_0_reg_1648[7]_i_1_n_0                                                             |                                                                   |                5 |             24 |
|  ap_clk       | gradient_decompositi_U0/abs_gx_reg_6620                                                                                       |                                                                   |                7 |             25 |
|  AXI_LITE_clk | canny_edge_CONTROL_BUS_s_axi_U/ar_hs                                                                                          | canny_edge_CONTROL_BUS_s_axi_U/rdata[31]_i_1_n_0                  |                8 |             27 |
|  ap_clk       | hysteresis_U0/ap_reg_pp0_iter1_linebuff_val_1_addr_reg_9130                                                                   |                                                                   |               10 |             28 |
|  ap_clk       | nonmax_suppression_U0/SRL_SIG_reg[0][13][0]                                                                                   |                                                                   |                5 |             28 |
|  ap_clk       | Loop_2_proc_U0/ap_CS_fsm_state4                                                                                               |                                                                   |               10 |             30 |
|  ap_clk       | GaussianBlur_U0/grp_Filter2D_1_fu_84/k_buf_0_val_5_load_reg_27240                                                             |                                                                   |               10 |             32 |
|  ap_clk       | nonmax_suppression_U0/ap_CS_fsm_state2                                                                                        |                                                                   |                9 |             32 |
|  ap_clk       | canny_edge_CONTROL_BUS_s_axi_U/int_cols_V[31]_i_1_n_0                                                                         | canny_edge_CONTROL_BUS_s_axi_U/ap_rst_n_AXI_LITE_clk_inv          |                5 |             32 |
|  ap_clk       | nonmax_suppression_U0/ap_CS_fsm_state8                                                                                        | nonmax_suppression_U0/t_V_reg_232                                 |               10 |             32 |
|  ap_clk       | canny_edge_CONTROL_BUS_s_axi_U/int_threshold2[31]_i_1_n_0                                                                     | canny_edge_CONTROL_BUS_s_axi_U/ap_rst_n_AXI_LITE_clk_inv          |                5 |             32 |
|  ap_clk       | canny_edge_CONTROL_BUS_s_axi_U/int_threshold1[31]_i_1_n_0                                                                     | canny_edge_CONTROL_BUS_s_axi_U/ap_rst_n_AXI_LITE_clk_inv          |                7 |             32 |
|  ap_clk       | canny_edge_CONTROL_BUS_s_axi_U/p_0_in0                                                                                        | canny_edge_CONTROL_BUS_s_axi_U/ap_rst_n_AXI_LITE_clk_inv          |                5 |             32 |
|  ap_clk       | gradient_decompositi_U0/E[0]                                                                                                  |                                                                   |                9 |             32 |
|  ap_clk       | hysteresis_U0/linebuff_val_1_U/nonmax_suppressioFfa_ram_U/linebuff_val_0_ce0                                                  |                                                                   |                8 |             32 |
|  ap_clk       | gradient_decompositi_U0/ap_CS_fsm_state2                                                                                      |                                                                   |                9 |             32 |
|  ap_clk       | nonmax_suppression_U0/linebuff_val_1_U/nonmax_suppressioFfa_ram_U/linebuff_val_0_ce0                                          |                                                                   |                8 |             32 |
|  ap_clk       | gradient_decompositi_U0/ap_CS_fsm_state9                                                                                      | gradient_decompositi_U0/t_V_reg_165                               |                9 |             32 |
|  ap_clk       | gradient_decompositi_U0/t_V_3_reg_1760                                                                                        | gradient_decompositi_U0/ap_enable_reg_pp0_iter00                  |                8 |             32 |
|  ap_clk       | hysteresis_U0/ap_CS_fsm_state7                                                                                                | hysteresis_U0/t_V_reg_242                                         |               11 |             32 |
|  ap_clk       | hysteresis_U0/ap_CS_fsm_state2                                                                                                |                                                                   |                9 |             32 |
|  ap_clk       | hysteresis_U0/t_V_2_reg_2530                                                                                                  | hysteresis_U0/t_V_2_reg_253                                       |               16 |             32 |
|  ap_clk       | Loop_1_proc_U0/in_stream_data_V_0_load_A                                                                                      |                                                                   |                7 |             32 |
|  ap_clk       | nonmax_suppression_U0/t_V_1_reg_2430                                                                                          | nonmax_suppression_U0/t_V_1_reg_243[31]_i_1_n_0                   |               15 |             32 |
|  ap_clk       | Loop_1_proc_U0/in_stream_data_V_0_load_B                                                                                      |                                                                   |                8 |             32 |
|  ap_clk       | Loop_2_proc_U0/indvar_flatten_reg_139[19]_i_2_n_0                                                                             | Loop_2_proc_U0/indvar_flatten_reg_139[19]_i_1_n_0                 |               11 |             40 |
|  ap_clk       | GaussianBlur_U0/grp_Filter2D_1_fu_84/k_buf_0_val_5_U/Filter2D_1_k_buf_cud_ram_U/col_buf_0_val_0_0_reg_27290                   |                                                                   |               12 |             40 |
|  ap_clk       | Sobel_1_U0/grp_Filter2D_fu_96/ce1112_out                                                                                      |                                                                   |               11 |             48 |
|  ap_clk       | Sobel_U0/grp_Filter2D_fu_96/ce1112_out                                                                                        |                                                                   |               14 |             48 |
|  ap_clk       | GaussianBlur_U0/grp_Filter2D_1_fu_84/src_kernel_win_0_va_4_fu_188[7]_i_1_n_0                                                  |                                                                   |               13 |             48 |
|  ap_clk       | nonmax_suppression_U0/ap_reg_pp0_iter1_linebuff_val_1_addr_reg_8660                                                           |                                                                   |               15 |             49 |
|  ap_clk       | GaussianBlur_U0/grp_Filter2D_1_fu_84/tmp60_reg_30480                                                                          |                                                                   |               16 |             62 |
|  ap_clk       | Sobel_1_U0/grp_Filter2D_fu_96/icmp_reg_1444[0]_i_1__0_n_0                                                                     |                                                                   |               23 |             69 |
|  ap_clk       | Sobel_U0/grp_Filter2D_fu_96/icmp_reg_1444[0]_i_1_n_0                                                                          |                                                                   |               24 |             69 |
|  ap_clk       | Sobel_1_U0/grp_Filter2D_fu_96/k_buf_0_val_3_U/Filter2D_1_k_buf_cud_ram_U/ap_block_pp0_stage0_subdone                          |                                                                   |               23 |             80 |
|  ap_clk       | Sobel_U0/grp_Filter2D_fu_96/k_buf_0_val_3_U/Filter2D_1_k_buf_cud_ram_U/ap_block_pp0_stage0_subdone                            |                                                                   |               29 |             80 |
|  ap_clk       | nonmax_suppression_U0/win_val_0_1_1_fu_1440                                                                                   |                                                                   |               25 |             86 |
|  ap_clk       | hysteresis_U0/win_val_0_1_2_fu_1420                                                                                           |                                                                   |               39 |             92 |
|  ap_clk       |                                                                                                                               |                                                                   |               63 |             98 |
|  ap_clk       |                                                                                                                               | Block_Mat_exit29637_U0/ap_rst_n_inv                               |               57 |             99 |
|  ap_clk       | GaussianBlur_U0/grp_Filter2D_1_fu_84/ap_NS_fsm[2]                                                                             |                                                                   |               36 |            106 |
|  ap_clk       | GaussianBlur_U0/grp_Filter2D_1_fu_84/ce1117_out                                                                               |                                                                   |               31 |            120 |
|  ap_clk       | GaussianBlur_U0/grp_Filter2D_1_fu_84/canny_edge_am_addtde_U36/canny_edge_am_addtde_DSP48_12_U/ap_block_pp0_stage0_subdone8_in |                                                                   |               43 |            126 |
+---------------+-------------------------------------------------------------------------------------------------------------------------------+-------------------------------------------------------------------+------------------+----------------+


+--------+-----------------------+
| Fanout | Number of ControlSets |
+--------+-----------------------+
| 1      |                     2 |
| 3      |                     1 |
| 4      |                     5 |
| 5      |                     9 |
| 6      |                     1 |
| 8      |                    10 |
| 9      |                     8 |
| 10     |                     1 |
| 11     |                    15 |
| 12     |                     3 |
| 13     |                     5 |
| 14     |                     3 |
| 15     |                     1 |
| 16+    |                    73 |
+--------+-----------------------+


